// Jest Snapshot v1, https://goo.gl/fbAQLP

exports[`App_Component rendered lazily 1`] = `
<h1>
  Something went wrong.
</h1>
`;
